// Jest Snapshot v1, https://goo.gl/fbAQLP

exports[`dashboard renderes correctly 1`] = `
<div>
  <nav
    className="navbar navbar-expand-lg navbar-dark bg-dark"
  >
    <a
      className="navbar-brand"
      href="#home"
    >
      Sustainable City Dashboard
    </a>
    <button
      aria-controls="basic-navbar-nav"
      aria-label="Toggle navigation"
      className="navbar-toggler collapsed"
      onClick={[Function]}
      type="button"
    >
      <span
        className="navbar-toggler-icon"
      />
    </button>
    <div
      aria-expanded={null}
      className="navbar-collapse collapse"
      id="basic-navbar-nav"
    >
      <div
        className="mr-auto navbar-nav"
        onKeyDown={[Function]}
      >
        <a
          className="nav-link"
          data-rb-event-key="/dashboard"
          href="/dashboard"
          onClick={[Function]}
          onKeyDown={[Function]}
        >
          Dashboard
        </a>
      </div>
      <div
        className="navbar-nav"
        onKeyDown={[Function]}
      >
        <a
          className="nav-link"
          data-rb-event-key="/user-management"
          href="/user-management"
          onClick={[Function]}
          onKeyDown={[Function]}
        >
          User Management
        </a>
      </div>
      <div
        className="navbar-nav"
        onKeyDown={[Function]}
      >
        <a
          className="nav-link"
          data-rb-event-key="/logout"
          href="/logout"
          onClick={[Function]}
          onKeyDown={[Function]}
        >
          Logout
        </a>
      </div>
    </div>
  </nav>
  <div
    className="container-fluid"
  >
    <div
      className="row"
    >
      <div
        className="col-md-2"
      >
        <div
          className="Filters"
        >
          <ul
            className="list-group"
            onKeyDown={[Function]}
          >
            <li
              className="list-group-item active"
              data-rb-event-key={null}
              disabled={false}
              onClick={[Function]}
            >
              <button
                className="filterButton1 btn btn-dark"
                disabled={false}
                onClick={[Function]}
                type="button"
              >
                Traffic
              </button>
            </li>
            <li
              className="list-group-item"
              data-rb-event-key={null}
              disabled={false}
              onClick={[Function]}
            >
              <button
                className="filterButton2 btn btn-dark"
                disabled={false}
                onClick={[Function]}
                type="button"
              >
                Pollution
              </button>
            </li>
          </ul>
        </div>
      </div>
      <div
        className="col-md-7"
      >
        <div
          className="maps"
        >
          <div
            style={
              Object {
                "height": "75vh",
              }
            }
          >
            <div
              style={
                Object {
                  "height": "100%",
                }
              }
            />
          </div>
        </div>
      </div>
      <div
        className="col-md-3"
      >
        <div
          className="FilterActions"
        >
          <h2>
            Actions
          </h2>
          <div
            className="TrafficActions"
          >
            Traffic actions
          </div>
        </div>
      </div>
    </div>
  </div>
</div>
`;
